// Jest Snapshot v1, https://goo.gl/fbAQLP

exports[`Fall should render successfully 1`] = `
<Styled(Component)
  transition={
    Object {
      "duration": 5,
    }
  }
  variants={
    Object {
      "start": Object {
        "opacity": Array [
          0,
          0,
          0,
          0,
          0,
          0,
          0,
          0,
          0,
          0,
          0,
          0,
          1,
          1,
          1,
          1,
          1,
          1,
          1,
          1,
          1,
          1,
          1,
          1,
          1,
          1,
          1,
          1,
          1,
          1,
          1,
          1,
          1,
          1,
          1,
          1,
          1,
          1,
          1,
          1,
          1,
          1,
        ],
        "scaleX": Array [
          1,
          1,
          1,
          1,
          1,
          1,
          1,
          1,
          1,
          1,
          1,
          1,
          1.2,
          0.8,
          1.05,
          1,
          1,
          1,
          1,
          1,
          1,
          1,
          1,
          1,
          1,
          1,
          1,
          1,
          1,
          1,
          1,
          1,
          1,
          1,
          1,
          1,
          1,
          1,
          1,
          1,
          1,
          1,
        ],
        "scaleY": Array [
          1,
          1,
          1,
          1,
          1,
          1,
          1,
          1,
          1,
          1,
          1,
          1,
          0.7,
          1.2,
          0.95,
          1,
          1,
          1,
          1,
          1,
          1,
          1,
          1,
          1,
          1,
          1,
          1,
          1,
          1,
          1,
          1,
          1,
          1,
          1,
          1,
          1,
          1,
          1,
          1,
          1,
          1,
          1,
        ],
        "y": Array [
          -100,
          -100,
          -100,
          -100,
          -100,
          -100,
          -100,
          -100,
          -100,
          -100,
          -100,
          -100,
          0,
          0,
          -15,
          0,
          -5,
          0,
          0,
          0,
          0,
          0,
          0,
          0,
          0,
          0,
          0,
          0,
          0,
          0,
          0,
          0,
          0,
          0,
          0,
          0,
          0,
          0,
          0,
          0,
          0,
          0,
          0,
        ],
      },
      "stop": Object {
        "opacity": 1,
        "scaleX": 1,
        "scaleY": 1,
        "y": 0,
      },
    }
  }
>
  Text
</Styled(Component)>
`;
